Building the reference apogee state from a 6-DOF run ...
  apogee at t = 22.20 s, altitude 3096.8 m, remaining flight 26.29 s

Reference (dt = 0.001 s): range 15836.561 m  drift 327.172 m  26275 steps

=== COST AND ACCURACY VERSUS STEP SIZE (propagation from apogee) ===
   dt(s)   steps   derivs   wall(ms)   us/deriv   dRange(m)  dDrift(m)
   0.001   26275   105100   1320.140      12.56     +0.000     +0.000
   0.005    5255    21020    249.521      11.87     -0.000     -0.000
   0.010    2628    10512    126.738      12.06     -0.000     -0.000
   0.020    1314     5256     62.968      11.98     -0.000     -0.000
   0.050     526     2104     25.302      12.03     -0.003     -0.000
   0.100     263     1052     12.701      12.07     -0.009     -0.000
   0.200     132      528      7.027      13.31     -0.047     -0.001
   0.500      53      212      3.514      16.58     -0.316     -0.009

=== TERM ABLATION at dt = 0.01 s (cost saved vs accuracy lost) ===
  term dropped                  wall(ms)   saved   dRange(m)   dDrift(m)
  (none, baseline)               126.614      --       0.000       0.000
  Magnus force                   118.845  +7.769      20.526       1.067
  yaw drag (alpha^2 on C_D)      125.584  +1.030       2.292       0.026
  lift (yaw of repose)           129.699  -3.085       3.211    -100.779
  Coriolis (ADDED, not dropped)   130.725  -4.111      -0.410     -11.715

=== PER-DERIVATIVE COST BREAKDOWN (mid-descent state) ===
  variant                           us/deriv   vs full
  full model                          12.092    +0.000
  no Magnus                           11.000    -1.092
  no yaw drag                         11.308    -0.784
  no lift                             11.488    -0.604
  no yaw terms at all (3-DOF)         10.526    -1.566
  -- of which: ISA atmosphere          0.844      7.0 %
  -- of which: aero table lookup       1.079      8.9 %

=== YAW-OF-REPOSE FIXED-POINT ITERATION ===
  alpha_e at apogee, no iteration 0.698893 deg
  alpha_e at apogee, one pass     0.703758 deg
  relative change +0.6962 %
  impact with iteration: range 15840.716 m  drift 328.542 m
  vs non-iterated:       dRange +4.154 m  dDrift +1.369 m
  cost: 16.976 us/deriv vs 12.092 (+40.4 %), 180.5 ms vs 126.6 ms per propagation

=== 10 Hz DUTY CYCLE ===
  dt  0.001: 1320.140 ms per propagation = 1320.14 % of a 100 ms budget (CPython, dev machine); 105100 derivative evaluations
  dt  0.005:  249.521 ms per propagation =  249.52 % of a 100 ms budget (CPython, dev machine); 21020 derivative evaluations
  dt  0.010:  126.738 ms per propagation =  126.74 % of a 100 ms budget (CPython, dev machine); 10512 derivative evaluations
  dt  0.020:   62.968 ms per propagation =   62.97 % of a 100 ms budget (CPython, dev machine); 5256 derivative evaluations
  dt  0.050:   25.302 ms per propagation =   25.30 % of a 100 ms budget (CPython, dev machine); 2104 derivative evaluations
  dt  0.100:   12.701 ms per propagation =   12.70 % of a 100 ms budget (CPython, dev machine); 1052 derivative evaluations
  dt  0.200:    7.027 ms per propagation =    7.03 % of a 100 ms budget (CPython, dev machine); 528 derivative evaluations
  dt  0.500:    3.514 ms per propagation =    3.51 % of a 100 ms budget (CPython, dev machine); 212 derivative evaluations

Wrote docs/mpmm_compute.json
