MPMM vs 6-DOF over 15 engagements, 7 workers ...

=== TASK B: MPMM minus 6-DOF, from identical muzzle conditions ===
chg   QE    TOF6    dRange     dR%    dDrift   dDrift%    dTOF     dVimp   dAngle   maxDiv   @t
  4   97.2   6.38     -2.20  -0.109     -0.03    -0.71  -0.0074   +0.033  -0.007     0.23    6.3
  4  152.0   9.84     -2.54  -0.084     -0.06    -0.60  -0.0091   +0.034  -0.004     0.44    9.8
  4  211.6  13.52     -2.99  -0.074     -0.10    -0.57  -0.0114   +0.034  -0.005     0.75   13.5
  5  118.1   8.80     -2.87  -0.095     -0.06    -0.60  -0.0095   +0.045  -0.007     0.40    8.7
  5  280.4  19.58     -4.14  -0.069     -0.24    -0.58  -0.0162   +0.038  -0.005     1.53   19.5
  5  420.6  28.22     -5.74  -0.072     -0.54    -0.64  -0.0256   +0.037  -0.005     3.42   28.1
  6  258.4  20.77     -4.78  -0.068     -0.33    -0.61  -0.0177   +0.042  -0.005     1.77   20.7
  6  378.6  28.89     -6.25  -0.069     -0.68    -0.68  -0.0257   +0.038  -0.005     3.55   28.8
  6  539.9  39.07     -8.68  -0.079     -1.44    -0.81  -0.0418   +0.032  -0.008     7.69   39.0
  7  177.6  17.49     -5.05  -0.072     -0.27    -0.62  -0.0168   +0.063  -0.006     1.37   17.4
  7  319.8  28.57     -6.92  -0.069     -0.79    -0.73  -0.0262   +0.042  -0.004     3.59   28.5
  7  520.7  42.56    -10.13  -0.078     -2.10    -0.90  -0.0460   +0.028  -0.008     9.23   42.5
  8  141.6  16.81     -6.27  -0.079     -0.28    -0.65  -0.0189   +0.169  -0.007     1.41   16.7
  8  248.4  26.87     -7.85  -0.072     -0.83    -0.78  -0.0275   +0.049  -0.005     3.49   26.8
  8  525.3  48.49    -12.69  -0.080     -3.45    -1.05  -0.0565   +0.012  -0.010    12.78   48.4

=== TASK C: impact-point error, MPMM initialised at 6-DOF apogee ===
chg   QE   apogee_t  apogee_alt  M_ap   dRange(m)  dDrift(m)  dTOF(s)
  4   97.2     3.20       50.0  0.92      -0.53      -0.05  -0.0018
  4  152.0     4.90      119.3  0.90      -0.59      -0.06  -0.0021
  4  211.6     6.70      225.2  0.87      -0.83      -0.04  -0.0030
  5  118.1     4.30       96.3  1.00      -0.25      -0.10  -0.0008
  5  280.4     9.50      479.5  0.89      -0.91      -0.12  -0.0033
  5  420.6    13.70      994.4  0.83      -1.96      -0.21  -0.0075
  6  258.4     9.90      548.9  0.96      -1.45      -0.19  -0.0050
  6  378.6    13.80     1064.4  0.89      -2.06      -0.16  -0.0074
  6  539.9    18.60     1936.3  0.82      -3.31      -0.50  -0.0125
  7  177.6     8.30      382.3  1.16      -1.46      -0.21  -0.0047
  7  319.8    13.40     1055.9  0.98      -2.05      -0.24  -0.0070
  7  520.7    19.90     2345.9  0.87      -3.97      -0.83  -0.0144
  8  141.6     7.90      349.0  1.38      -1.78      -0.19  -0.0053
  8  248.4    12.50      922.0  1.15      -2.79      -0.42  -0.0093
  8  525.3    22.20     3096.8  0.92      -4.68      -1.41  -0.0164

  range      mean   -1.91 m   1sigma   1.30 m   max|.|   4.68 m
  deflection mean   -0.31 m   1sigma   0.37 m   max|.|   1.41 m

=== TASK D: drift against the FT column, both models, no fitting ===
chg   QE    FT_drift   6DOF     err%     MPMM     err%    MPMM-6DOF%
  4   97.2       3.2     3.99  +24.84     3.97  +23.95      -0.71
  4  152.0       7.8     9.18  +17.74     9.13  +17.03      -0.60
  4  211.6      15.2    17.02  +11.96    16.92  +11.32      -0.57
  5  118.1       7.5     9.27  +23.63     9.22  +22.89      -0.60
  5  280.4      36.6    41.19  +12.53    40.95  +11.87      -0.58
  5  420.6      79.2    83.38   +5.28    82.84   +4.60      -0.64
  6  258.4      45.5    53.64  +17.88    53.31  +17.16      -0.61
  6  378.6      88.2    99.26  +12.54    98.58  +11.77      -0.68
  6  539.9     169.4   177.88   +5.01   176.44   +4.16      -0.81
  7  177.6      37.1    43.24  +16.54    42.97  +15.82      -0.62
  7  319.8      94.0   108.91  +15.86   108.11  +15.01      -0.73
  7  520.7     211.9   231.88   +9.43   229.79   +8.44      -0.90
  8  141.6      37.6    43.27  +15.07    42.98  +14.32      -0.65
  8  248.4      92.4   106.36  +15.11   105.53  +14.21      -0.78
  8  525.3     292.8   328.58  +12.22   325.13  +11.04      -1.05

  6-DOF vs FT : mean +14.37 %   MPMM vs FT : mean +13.57 %

=== TASK D: yaw comparison at matched states ===
chg   QE   mean_alpha_alg  mean_aoa_6dof  ratio  ratio_early ratio_late  minMach  frac<M0.7
  4   97.2        0.2526         0.2802   1.109       1.169      1.072    0.888      0.000
  4  152.0        0.2747         0.2952   1.074       1.142      1.040    0.854      0.000
  4  211.6        0.3022         0.3164   1.047       1.131      1.012    0.824      0.000
  5  118.1        0.2480         0.2685   1.083       1.197      1.044    0.918      0.000
  5  280.4        0.3215         0.3316   1.031       1.138      1.002    0.834      0.000
  5  420.6        0.3997         0.4061   1.016       1.091      1.003    0.795      0.000
  6  258.4        0.3035         0.3110   1.025       1.121      1.005    0.870      0.000
  6  378.6        0.3678         0.3730   1.014       1.069      1.004    0.840      0.000
  6  539.9        0.4719         0.4758   1.008       1.040      1.003    0.794      0.000
  7  177.6        0.2502         0.2564   1.025       1.124      1.007    0.928      0.000
  7  319.8        0.3375         0.3415   1.012       1.070      1.005    0.878      0.000
  7  520.7        0.4572         0.4605   1.007       1.035      1.004    0.837      0.000
  8  141.6        0.2051         0.2091   1.020       1.113      1.005    1.004      0.000
  8  248.4        0.3011         0.3045   1.011       1.069      1.005    0.907      0.000
  8  525.3        0.4716         0.4749   1.007       1.018      1.006    0.874      0.000

=== YAW-OF-REPOSE ITERATION: one fixed-point pass, same formula ===
chg   QE    --------- from launch ---------   ---- from apogee (model error) ----
            dR_plain  dR_iter   dD_plain  dD_iter   dR_plain  dR_iter  dD_plain  dD_iter
  4   97.2     -2.20    -1.41      -0.03    -0.01      -0.53    -0.35     -0.05    -0.04
  4  152.0     -2.54    -1.45      -0.06    -0.01      -0.59    -0.32     -0.06    -0.05
  4  211.6     -2.99    -1.59      -0.10    -0.02      -0.83    -0.45     -0.04    -0.02
  5  118.1     -2.87    -1.12      -0.06    -0.00      -0.25    +0.16     -0.10    -0.09
  5  280.4     -4.14    -1.36      -0.24    -0.01      -0.91    -0.20     -0.12    -0.06
  5  420.6     -5.74    -2.38      -0.54    -0.05      -1.96    -0.87     -0.21    -0.06
  6  258.4     -4.78    -0.44      -0.33    +0.03      -1.45    -0.38     -0.19    -0.08
  6  378.6     -6.25    -1.29      -0.68    +0.02      -2.06    -0.67     -0.16    +0.05
  6  539.9     -8.68    -3.21      -1.44    -0.08      -3.31    -1.24     -0.50    -0.05
  7  177.6     -5.05    +0.55      -0.27    +0.05      -1.46    +0.32     -0.21    -0.08
  7  319.8     -6.92    +0.12      -0.79    +0.11      -2.05    -0.06     -0.24    +0.09
  7  520.7    -10.13    -2.21      -2.10    +0.05      -3.97    -1.14     -0.83    -0.09
  8  141.6     -6.27    +1.18      -0.28    +0.06      -1.78    +0.99     -0.19    -0.04
  8  248.4     -7.85    +1.50      -0.83    +0.19      -2.79    +0.50     -0.42    +0.05
  8  525.3    -12.69    -0.99      -3.45    +0.33      -4.68    -0.53     -1.41    -0.04
  from launch, range         plain: mean   -5.94 1sig   2.98 rms   6.60  |  iterated: mean   -0.94 1sig   1.31 rms   1.58
  from launch, deflection    plain: mean   -0.75 1sig   0.94 rms   1.18  |  iterated: mean   +0.04 1sig   0.10 rms   0.11
  from apogee, range         plain: mean   -1.91 1sig   1.30 rms   2.29  |  iterated: mean   -0.28 1sig   0.60 rms   0.65
  from apogee, deflection    plain: mean   -0.31 1sig   0.37 rms   0.47  |  iterated: mean   -0.03 1sig   0.05 rms   0.06
  iterated MPMM vs the FT drift column: mean +14.38 %

Wrote docs/mpmm_results.json  (53.1 s)
