==============================================================================
SENSOR MODEL CONFIDENCE -- read before quoting any navigation result
==============================================================================
Every error term in gnc/sensors.py is a named line on a named part class.
The ones graded LOW are ENGINEERING ESTIMATES: no source states them for
this part in this application, and they are where the model is weakest.

  gyro_bias_repeatability   LOW     turn-on-to-turn-on bias not separately
                                    stated for this part; taken as 5x the
                                    in-run figure, the usual tactical-MEMS
                                    ratio
  gyro_scale_factor         LOW     ADI quotes sensitivity tolerance and
                                    tempco separately; 0.5 % is an
                                    engineering roll-up over the
                                    qualification temperature band
  accel_vrw                 LOW     velocity random walk not found as a
                                    table line; 0.023 m/s/sqrt(s) is the
                                    usual figure for this noise-density
                                    class
  accel_bias_repeatability  LOW     turn-on repeatability not stated; taken
                                    as 1 mg, the tactical-MEMS norm
  accel_scale_factor        LOW     engineering roll-up over temperature, as
                                    gyro_scale_factor
  mag_calibration_residual  LOW     THE ROLL ERROR FLOOR. No source measures
                                    the residual of a hard/soft-iron
                                    calibration against a 43 kg steel shell
                                    body with a kit screwed into the fuze
                                    well. 1.5 % of field magnitude and 0.9
                                    deg of direction is an engineering
                                    estimate from published air-cored
                                    ellipsoid-fit results, degraded for the
                                    steel. Section 5 of
                                    docs/SENSOR-MODELS.md says what would
                                    settle it
  gnss_reacquire_s          LOW     DECIDES WHETHER THE WARM START IS A
                                    FEATURE. Published hot-start TTFF is
                                    0.5-20 s and the munition literature
                                    reports first acquisition at
                                    approximately 20 s, but no source gives
                                    a DISTRIBUTION for a 15 000 g launch
                                    into 208 Hz spin with ephemeris
                                    pre-loaded. 3-12 s with a 6 s median is
                                    an estimate
  gnss_cn0_roll_sigma       LOW     5 deg 1 sigma per fitted revolution is
                                    an estimate. The published work
                                    demonstrates the measurement but at spin
                                    rates, integration times and C/N0 that
                                    are not this engagement's
  baro_port_error           LOW     THE REASON THE BAROMETER IS NOT AN
                                    ALTITUDE SOURCE. The static-port
                                    pressure coefficient on a spinning shell
                                    at M 1.5 is not published for this body.
                                    -0.15 to +0.05 of q_bar is an estimate
                                    from generic supersonic body pressure
                                    distributions; at 137 kPa that is up to
                                    20 kPa, which is over 1 500 m of
                                    pressure altitude

  The two that decide a reported number:
    mag_calibration_residual  sets the roll BIAS, which adds one for one to
                              the servo's 0.58 deg tracking error
                              (docs/CONTROL-CHARACTERISATION.md sec 4.3).
    gnss_reacquire_s          decides whether the Task D warm start moves
                              the solution inside t_dep + 3 s, and so
                              whether it is a feature at all.
==============================================================================
Task A -- impact-point sensitivity to the state
  flying the truth trajectory ...
    cycle 1/9  t_go  39.7 s     1.1 s
    cycle 2/9  t_go  35.2 s     2.1 s
    cycle 3/9  t_go  30.7 s     3.0 s
    cycle 4/9  t_go  26.3 s     3.8 s
    cycle 5/9  t_go  21.9 s     4.5 s
    cycle 6/9  t_go  17.4 s     5.0 s
    cycle 7/9  t_go  12.9 s     5.4 s
    cycle 8/9  t_go   8.5 s     5.7 s
    cycle 9/9  t_go   4.0 s     5.8 s
Truth-fed reference rounds
    truth: 10/24    98.2 s  (eta 137.5 s)
    truth: 20/24   149.8 s  (eta  30.0 s)
    truth: 24/24   150.5 s  (eta   0.0 s)
Task B -- the measured state error
    task-b: 10/48   164.2 s  (eta 624.0 s)
    task-b: 20/48   247.3 s  (eta 346.3 s)
    task-b: 30/48   330.2 s  (eta 198.1 s)
    task-b: 40/48   421.1 s  (eta  84.2 s)
    task-b: 48/48   497.2 s  (eta   0.0 s)
Task C -- the predicted decomposition
Task D -- controls
    D:baseline: 10/48   161.4 s  (eta 613.4 s)
    D:baseline: 20/48   243.9 s  (eta 341.4 s)
    D:baseline: 30/48   331.0 s  (eta 198.6 s)
    D:baseline: 40/48   417.4 s  (eta  83.5 s)
    D:baseline: 48/48   497.8 s  (eta   0.0 s)
  baseline               range 1 sigma  31.98 m  delta   +nan +-  nan m  defl 12.71 m  cmd 31.6
    D:all_perfect: 10/48   156.8 s  (eta 595.9 s)
    D:all_perfect: 20/48   236.9 s  (eta 331.7 s)
    D:all_perfect: 30/48   328.3 s  (eta 197.0 s)
    D:all_perfect: 40/48   411.8 s  (eta  82.4 s)
    D:all_perfect: 48/48   486.4 s  (eta   0.0 s)
  all_perfect            range 1 sigma 425.32 m  delta +393.34 +- 66.39 m  defl 63.77 m  cmd 26.3
Task E -- command chatter
    E:truth_smoothed_8s: 10/24   101.0 s  (eta 141.3 s)
    E:truth_smoothed_8s: 20/24   151.9 s  (eta  30.4 s)
    E:truth_smoothed_8s: 24/24   153.8 s  (eta   0.0 s)
  truth_smoothed_8s    cmd changes  22.4  slew 0.015  tv   109.0 deg  range 1 sigma  15.48 m
    E:nav_smoothed_8s: 10/48   163.9 s  (eta 622.9 s)
    E:nav_smoothed_8s: 20/48   253.3 s  (eta 354.6 s)
    E:nav_smoothed_8s: 30/48   344.4 s  (eta 206.7 s)
    E:nav_smoothed_8s: 40/48   430.4 s  (eta  86.1 s)
    E:nav_smoothed_8s: 48/48   508.9 s  (eta   0.0 s)
  nav_smoothed_8s      cmd changes  21.5  slew 0.040  tv   117.7 deg  range 1 sigma  24.82 m
    E:truth_hysteresis: 10/24    98.5 s  (eta 137.9 s)
    E:truth_hysteresis: 20/24   149.2 s  (eta  29.8 s)
    E:truth_hysteresis: 24/24   150.1 s  (eta   0.0 s)
  truth_hysteresis     cmd changes   3.5  slew 0.064  tv    72.5 deg  range 1 sigma   6.56 m
    E:nav_hysteresis: 10/48   161.8 s  (eta 614.7 s)
    E:nav_hysteresis: 20/48   247.6 s  (eta 346.6 s)
    E:nav_hysteresis: 30/48   332.7 s  (eta 199.6 s)
    E:nav_hysteresis: 40/48   420.7 s  (eta  84.1 s)
    E:nav_hysteresis: 48/48   497.8 s  (eta   0.0 s)
  nav_hysteresis       cmd changes   9.3  slew 0.140  tv   320.9 deg  range 1 sigma  32.35 m
Task D -- 14 individual ablations at 1 seed(s)
    D:gyro_bias: 10/24   164.5 s  (eta 230.3 s)
    D:gyro_bias: 20/24   247.4 s  (eta  49.5 s)
    D:gyro_bias: 24/24   249.0 s  (eta   0.0 s)
  gyro_bias              range 1 sigma  19.78 m  delta  -0.02 +- 0.02 m  defl  9.43 m  cmd 32.7
