==============================================================================
SENSOR MODEL CONFIDENCE -- read before quoting any navigation result
==============================================================================
Every error term in gnc/sensors.py is a named line on a named part class.
The ones graded LOW are ENGINEERING ESTIMATES: no source states them for
this part in this application, and they are where the model is weakest.

  gyro_bias_repeatability   LOW     turn-on-to-turn-on bias not separately
                                    stated for this part; taken as 5x the
                                    in-run figure, the usual tactical-MEMS
                                    ratio
  gyro_scale_factor         LOW     ADI quotes sensitivity tolerance and
                                    tempco separately; 0.5 % is an
                                    engineering roll-up over the
                                    qualification temperature band
  accel_vrw                 LOW     velocity random walk not found as a
                                    table line; 0.023 m/s/sqrt(s) is the
                                    usual figure for this noise-density
                                    class
  accel_bias_repeatability  LOW     turn-on repeatability not stated; taken
                                    as 1 mg, the tactical-MEMS norm
  accel_scale_factor        LOW     engineering roll-up over temperature, as
                                    gyro_scale_factor
  mag_calibration_residual  LOW     THE ROLL ERROR FLOOR. No source measures
                                    the residual of a hard/soft-iron
                                    calibration against a 43 kg steel shell
                                    body with a kit screwed into the fuze
                                    well. 1.5 % of field magnitude and 0.9
                                    deg of direction is an engineering
                                    estimate from published air-cored
                                    ellipsoid-fit results, degraded for the
                                    steel. Section 5 of
                                    docs/SENSOR-MODELS.md says what would
                                    settle it
  gnss_reacquire_s          LOW     DECIDES WHETHER THE WARM START IS A
                                    FEATURE. Published hot-start TTFF is
                                    0.5-20 s and the munition literature
                                    reports first acquisition at
                                    approximately 20 s, but no source gives
                                    a DISTRIBUTION for a 15 000 g launch
                                    into 208 Hz spin with ephemeris
                                    pre-loaded. 3-12 s with a 6 s median is
                                    an estimate
  gnss_cn0_roll_sigma       LOW     5 deg 1 sigma per fitted revolution is
                                    an estimate. The published work
                                    demonstrates the measurement but at spin
                                    rates, integration times and C/N0 that
                                    are not this engagement's
  baro_port_error           LOW     THE REASON THE BAROMETER IS NOT AN
                                    ALTITUDE SOURCE. The static-port
                                    pressure coefficient on a spinning shell
                                    at M 1.5 is not published for this body.
                                    -0.15 to +0.05 of q_bar is an estimate
                                    from generic supersonic body pressure
                                    distributions; at 137 kPa that is up to
                                    20 kPa, which is over 1 500 m of
                                    pressure altitude

  The two that decide a reported number:
    mag_calibration_residual  sets the roll BIAS, which adds one for one to
                              the servo's 0.58 deg tracking error
                              (docs/CONTROL-CHARACTERISATION.md sec 4.3).
    gnss_reacquire_s          decides whether the Task D warm start moves
                              the solution inside t_dep + 3 s, and so
                              whether it is a feature at all.
==============================================================================
    truth: 10/24   103.7 s  (eta 145.2 s)
    truth: 20/24   161.0 s  (eta  32.2 s)
    truth: 24/24   171.5 s  (eta   0.0 s)
    perfect_roll: 10/48   182.3 s  (eta 692.9 s)
    perfect_roll: 20/48   287.1 s  (eta 402.0 s)
    perfect_roll: 30/48   390.0 s  (eta 234.0 s)
    perfect_roll: 40/48   537.7 s  (eta 107.5 s)
    perfect_roll: 48/48   597.2 s  (eta   0.0 s)
  perfect_roll   range 1 sigma  27.43 m, deflection  11.94 m | roll bias  0.55 deg, sd  2.68 | vel rms [0.393 0.49  0.535]
    both: 10/48   165.4 s  (eta 628.5 s)
    both: 20/48   282.6 s  (eta 395.7 s)
    both: 30/48   384.6 s  (eta 230.8 s)
    both: 40/48   482.4 s  (eta  96.5 s)
    both: 48/48   544.9 s  (eta   0.0 s)
  both           range 1 sigma  23.96 m, deflection   9.09 m | roll bias  0.53 deg, sd  2.44 | vel rms [0.208 0.327 0.281]
wrote docs/nav_drivers.json in 1313.8 s
