==============================================================================
SENSOR MODEL CONFIDENCE -- read before quoting any navigation result
==============================================================================
Every error term in gnc/sensors.py is a named line on a named part class.
The ones graded LOW are ENGINEERING ESTIMATES: no source states them for
this part in this application, and they are where the model is weakest.

  gyro_bias_repeatability   LOW     turn-on-to-turn-on bias not separately
                                    stated for this part; taken as 5x the
                                    in-run figure, the usual tactical-MEMS
                                    ratio
  gyro_scale_factor         LOW     ADI quotes sensitivity tolerance and
                                    tempco separately; 0.5 % is an
                                    engineering roll-up over the
                                    qualification temperature band
  accel_vrw                 LOW     velocity random walk not found as a
                                    table line; 0.023 m/s/sqrt(s) is the
                                    usual figure for this noise-density
                                    class
  accel_bias_repeatability  LOW     turn-on repeatability not stated; taken
                                    as 1 mg, the tactical-MEMS norm
  accel_scale_factor        LOW     engineering roll-up over temperature, as
                                    gyro_scale_factor
  mag_calibration_residual  LOW     THE ROLL ERROR FLOOR. No source measures
                                    the residual of a hard/soft-iron
                                    calibration against a 43 kg steel shell
                                    body with a kit screwed into the fuze
                                    well. 1.5 % of field magnitude and 0.9
                                    deg of direction is an engineering
                                    estimate from published air-cored
                                    ellipsoid-fit results, degraded for the
                                    steel. Section 5 of
                                    docs/SENSOR-MODELS.md says what would
                                    settle it
  gnss_reacquire_s          LOW     DECIDES WHETHER THE WARM START IS A
                                    FEATURE. Published hot-start TTFF is
                                    0.5-20 s and the munition literature
                                    reports first acquisition at
                                    approximately 20 s, but no source gives
                                    a DISTRIBUTION for a 15 000 g launch
                                    into 208 Hz spin with ephemeris
                                    pre-loaded. 3-12 s with a 6 s median is
                                    an estimate
  gnss_cn0_roll_sigma       LOW     5 deg 1 sigma per fitted revolution is
                                    an estimate. The published work
                                    demonstrates the measurement but at spin
                                    rates, integration times and C/N0 that
                                    are not this engagement's
  baro_port_error           LOW     THE REASON THE BAROMETER IS NOT AN
                                    ALTITUDE SOURCE. The static-port
                                    pressure coefficient on a spinning shell
                                    at M 1.5 is not published for this body.
                                    -0.15 to +0.05 of q_bar is an estimate
                                    from generic supersonic body pressure
                                    distributions; at 137 kPa that is up to
                                    20 kPa, which is over 1 500 m of
                                    pressure altitude

  The two that decide a reported number:
    mag_calibration_residual  sets the roll BIAS, which adds one for one to
                              the servo's 0.58 deg tracking error
                              (docs/CONTROL-CHARACTERISATION.md sec 4.3).
    gnss_reacquire_s          decides whether the Task D warm start moves
                              the solution inside t_dep + 3 s, and so
                              whether it is a feature at all.
==============================================================================
Truth-fed reference rounds
    truth: 10/24   100.1 s  (eta 140.1 s)
    truth: 20/24  1595.9 s  (eta 319.2 s)
    truth: 24/24  1601.7 s  (eta   0.0 s)
Task D -- controls
    D:baseline: 10/24   277.2 s  (eta 388.1 s)
    D:baseline: 20/24   416.5 s  (eta  83.3 s)
    D:baseline: 24/24   424.1 s  (eta   0.0 s)
  baseline               range 1 sigma  19.80 m  delta   +nan +-  nan m  defl  9.44 m  cmd 32.9
    D:all_perfect: 10/24  1910.6 s  (eta 2674.8 s)
    D:all_perfect: 20/24  2070.8 s  (eta 414.2 s)
    D:all_perfect: 24/24  2074.4 s  (eta   0.0 s)
  all_perfect            range 1 sigma  23.15 m  delta  +3.35 +- 2.14 m  defl  6.00 m  cmd 27.5
Task D -- 14 individual ablations at 1 seed(s)
    D:gyro_bias: 10/24   306.6 s  (eta 429.2 s)
    D:gyro_bias: 20/24   404.7 s  (eta  80.9 s)
    D:gyro_bias: 24/24   411.6 s  (eta   0.0 s)
  gyro_bias              range 1 sigma  19.78 m  delta  -0.02 +- 0.02 m  defl  9.43 m  cmd 32.8
    D:gyro_arw: 10/24   176.6 s  (eta 247.3 s)
    D:gyro_arw: 20/24   332.1 s  (eta  66.4 s)
    D:gyro_arw: 24/24   356.6 s  (eta   0.0 s)
  gyro_arw               range 1 sigma  19.80 m  delta  -0.01 +- 0.01 m  defl  9.43 m  cmd 32.9
    D:gyro_scale_misalign: 10/24   173.6 s  (eta 243.0 s)
    D:gyro_scale_misalign: 20/24   341.8 s  (eta  68.4 s)
    D:gyro_scale_misalign: 24/24   380.7 s  (eta   0.0 s)
  gyro_scale_misalign    range 1 sigma  20.37 m  delta  +0.57 +- 0.51 m  defl  9.55 m  cmd 32.8
    D:accel_bias: 10/24   267.2 s  (eta 374.1 s)
    D:accel_bias: 20/24   403.2 s  (eta  80.6 s)
    D:accel_bias: 24/24   472.6 s  (eta   0.0 s)
  accel_bias             range 1 sigma  19.91 m  delta  +0.11 +- 0.08 m  defl  9.46 m  cmd 32.8
    D:accel_vrw: 10/24   183.9 s  (eta 257.4 s)
    D:accel_vrw: 20/24   346.8 s  (eta  69.4 s)
    D:accel_vrw: 24/24   393.0 s  (eta   0.0 s)
  accel_vrw              range 1 sigma  22.08 m  delta  +2.28 +- 1.56 m  defl 12.05 m  cmd 31.8
    D:accel_scale_misalign: 10/24   198.2 s  (eta 277.5 s)
    D:accel_scale_misalign: 20/24   310.6 s  (eta  62.1 s)
    D:accel_scale_misalign: 24/24   321.6 s  (eta   0.0 s)
  accel_scale_misalign   range 1 sigma  25.41 m  delta  +5.60 +- 4.25 m  defl 14.68 m  cmd 30.4
    D:gnss_position: 10/24   168.6 s  (eta 236.0 s)
    D:gnss_position: 20/24   281.2 s  (eta  56.2 s)
    D:gnss_position: 24/24   294.2 s  (eta   0.0 s)
  gnss_position          range 1 sigma  18.41 m  delta  -1.40 +- 1.33 m  defl  7.14 m  cmd 32.1
    D:gnss_velocity: 10/24   174.5 s  (eta 244.3 s)
    D:gnss_velocity: 20/24   284.7 s  (eta  56.9 s)
    D:gnss_velocity: 24/24   294.6 s  (eta   0.0 s)
  gnss_velocity          range 1 sigma  19.84 m  delta  +0.04 +- 0.04 m  defl  9.45 m  cmd 32.9
    D:gnss_latency: 10/24   169.9 s  (eta 237.8 s)
    D:gnss_latency: 20/24   257.1 s  (eta  51.4 s)
    D:gnss_latency: 24/24   260.1 s  (eta   0.0 s)
  gnss_latency           range 1 sigma  21.10 m  delta  +1.29 +- 1.14 m  defl  9.67 m  cmd 32.8
    D:gnss_rate_20hz: 10/24   173.7 s  (eta 243.2 s)
    D:gnss_rate_20hz: 20/24   263.4 s  (eta  52.7 s)
    D:gnss_rate_20hz: 24/24   269.5 s  (eta   0.0 s)
  gnss_rate_20hz         range 1 sigma  22.02 m  delta  +2.21 +- 1.52 m  defl  8.06 m  cmd 30.5
    D:gnss_antenna: 10/24   171.5 s  (eta 240.0 s)
    D:gnss_antenna: 20/24   255.5 s  (eta  51.1 s)
    D:gnss_antenna: 24/24   257.4 s  (eta   0.0 s)
  gnss_antenna           range 1 sigma  21.60 m  delta  +1.79 +- 1.27 m  defl  7.06 m  cmd 32.1
    D:mag_residual: 10/24   173.1 s  (eta 242.4 s)
    D:mag_residual: 20/24   277.2 s  (eta  55.4 s)
    D:mag_residual: 24/24   287.0 s  (eta   0.0 s)
  mag_residual           range 1 sigma  23.02 m  delta  +3.22 +- 2.01 m  defl 12.17 m  cmd 32.0
    D:mag_floor: 10/24   179.0 s  (eta 250.7 s)
    D:mag_floor: 20/24   273.7 s  (eta  54.7 s)
    D:mag_floor: 24/24   277.7 s  (eta   0.0 s)
  mag_floor              range 1 sigma  19.83 m  delta  +0.02 +- 1.98 m  defl 10.92 m  cmd 31.3
    D:resolver: 10/24   178.2 s  (eta 249.5 s)
    D:resolver: 20/24   274.0 s  (eta  54.8 s)
    D:resolver: 24/24   277.7 s  (eta   0.0 s)
  resolver               range 1 sigma  19.80 m  delta  -0.01 +- 0.03 m  defl  9.42 m  cmd 32.8
wrote docs/nav_ablation_d.json in 8658.9 s
